icoicionviconf
-bash: iconf: command not found
[ec2-user@ip-30-0-10-87 ~]$ LANG=C date > timestamp
[ec2-user@ip-30-0-10-87 ~]$ ll
total 18376
-rw-rw-r--. 1 ec2-user ec2-user        0 Aug 30 07:07 def.txt
-rw-rw-r--. 1 ec2-user ec2-user        0 Aug 30 07:20 def.txt.bak
-rwxrwxrwx. 1 ec2-user ec2-user       90 Aug 30 07:17 exam.sh
-rw-r--r--. 1 ec2-user ec2-user 18808790 Jun 11 06:18 KEN_ALL.CSV
-rw-rw-r--. 1 ec2-user ec2-user       29 Aug 30 09:00 timestamp
[ec2-user@ip-30-0-10-87 ~]$ cat timestamp 
Thu Aug 30 09:00:49 UTC 2018
[ec2-user@ip-30-0-10-87 ~]$ rom KEN_ALL.CSV timestamp def.txt.bak-i  def.txt.bak def.txt
rm: remove regular file etimestampf? y
rm: remove regular empty file edef.txt.bakf? y
rm: cannot remove edef.txt.bakf: No such file or directory
rm: remove regular empty file edef.txtf? y
[ec2-user@ip-30-0-10-87 ~]$ ls
exam.sh  KEN_ALL.CSV
[ec2-user@ip-30-0-10-87 ~]$ lsl -
total 18372
-rwxrwxrwx. 1 ec2-user ec2-user       90 Aug 30 07:17 exam.sh
-rw-r--r--. 1 ec2-user ec2-user 18808790 Jun 11 06:18 KEN_ALL.CSV
[ec2-user@ip-30-0-10-87 ~]$ ll | less KEN_ALL.CSV 
total 18372
-rwxrwxrwx. 1 ec2-user ec2-user       90 Aug 30 07:17 exam.sh
-rw-r--r--. 1 ec2-user ec2-user 18808790 Jun 11 06:18 KEN_ALL.CSV
(END) ESCESCOOAA...skipping...
total 18372
-rwxrwxrwx. 1 ec2-user ec2-user       90 Aug 30 07:17 exam.sh
-rw-r--r--. 1 ec2-user ec2-user 18808790 Jun 11 06:18 KEN_ALL.CSV
~
~
~
~
~
~
~
~
~
~
~
~
~
~
~
~
~
~
~
~
~
~
~
~
~
~
~
~
~
~
(END) ESCESCOOAA(END) ESCESCOOAA(END) ESCESCOOBB(END)[ec2-user@ip-30-0-10-87 ~]$ ll | less | less 
total 18372
-rwxrwxrwx. 1 ec2-user ec2-user       90 Aug 30 07:17 exam.sh
-rw-r--r--. 1 ec2-user ec2-user 18808790 Jun 11 06:18 KEN_ALL.CSV
(END) ESCESCOOAA...skipping...
total 18372
-rwxrwxrwx. 1 ec2-user ec2-user       90 Aug 30 07:17 exam.sh
-rw-r--r--. 1 ec2-user ec2-user 18808790 Jun 11 06:18 KEN_ALL.CSV
~
~
~
~
~
~
~
~
~
~
~
~
~
~
~
~
~
~
~
~
~
~
~
~
~
~
~
~
~
~
(END) ESCESCOOAA(END) ESCESCOOBB(END)[ec2-user@ip-30-0-10-87 ~]$ less KEN_ALL.CSV 
01101,"060  ","0600000","¶޳","ۼճ","ƹŲޱ","kC"," Dys","ȉɌfڂȂꍇ",0,0,0,0,0,0
01101,"064  ","0640941","¶޳","ۼճ","˶޵","kC","Dys ","Pu",0,0,1,0,0,0
01101,"060  ","0600041","¶޳","ۼճ","޵˶޼","kC","Dy
s","ʓ",0,0,1,0,0,0
01101,"060  ","0600042","¶޳","ۼճ","޵Ƽ(1-19ֳ)","kC ","Dys","ʐiP`PXځj",1,0,1,0,0,0
01101,"064  ","0640820","¶޳","ۼճ","޵Ƽ(20-28ֳ)","kC
","Dys","ʐiQO`QWځj",1,0,1,0,0,0
01101,"060  ","0600031","¶޳","ۼճ","1ֳ˶޼","kC","Dy s","k",0,0,1,0,0,0
01101,"060  ","0600001","¶޳","ۼճ","1ֳƼ(1-19ֳ)","kC
","Dys","k𐼁iP`PXځj",1,0,1,0,0,0
01101,"064  ","0640821","¶޳","ۼճ","1ֳƼ(20-28ֳ)","kC ","Dys","k𐼁iQO`QWځj",1,0,1,0,0,0
01101,"060  ","0600032","¶޳","ۼճ","2ֳ˶޼","kC","Dy s","k",0,0,1,0,0,0
01101,"060  ","0600002","¶޳","ۼճ","2ֳƼ(1-19ֳ)","kC
","Dys","k𐼁iP`PXځj",1,0,1,0,0,0
01101,"064  ","0640822","¶޳","ۼճ","2ֳƼ(20-28ֳ)","kC ","Dys","k𐼁iQO`QWځj",1,0,1,0,0,0
01101,"060  ","0600033","¶޳","ۼճ","3ֳ˶޼","kC","Dy s","kO",0,0,1,0,0,0
01101,"060  ","0600003","¶޳","ۼճ","3ֳƼ(1-19ֳ)","kC
","Dys","kO𐼁iP`PXځj",1,0,1,0,0,0
01101,"064  ","0640823","¶޳","ۼճ","3ֳƼ(20-30ֳ)","kC ","Dys","kO𐼁iQO`ROځj",1,0,1,0,0,0
01101,"060  ","0600034","¶޳","ۼճ","4ֳ˶޼(1-8ֳ)","kC ","Dys","kl𓌁iP`Wځj",1,0,1,0,0,0
01101,"060  ","0600004","¶޳","ۼճ","4ֳƼ(1-19ֳ)","kC
","Dys","kl𐼁iP`PXځj",1,0,1,0,0,0
01101,"064  ","0640824","¶޳","ۼճ","4ֳƼ(20-30ֳ)","kC KEN_ALL.CSV[ec2-user@ip-30-0-10-87 ~]$ less KEN_ALL.CSV l | lessKeEN_ALL.CSV 
01101,"060  ","0600000","¶޳","ۼճ","ƹŲޱ","kC"," Dys","ȉɌfڂȂꍇ",0,0,0,0,0,0
01101,"064  ","0640941","¶޳","ۼճ","˶޵","kC","Dys ","Pu",0,0,1,0,0,0
01101,"060  ","0600041","¶޳","ۼճ","޵˶޼","kC","Dy
s","ʓ",0,0,1,0,0,0
01101,"060  ","0600042","¶޳","ۼճ","޵Ƽ(1-19ֳ)","kC ","Dys","ʐiP`PXځj",1,0,1,0,0,0
01101,"064  ","0640820","¶޳","ۼճ","޵Ƽ(20-28ֳ)","kC
","Dys","ʐiQO`QWځj",1,0,1,0,0,0
01101,"060  ","0600031","¶޳","ۼճ","1ֳ˶޼","kC","Dy s","k",0,0,1,0,0,0
01101,"060  ","0600001","¶޳","ۼճ","1ֳƼ(1-19ֳ)","kC
","Dys","k𐼁iP`PXځj",1,0,1,0,0,0
01101,"064  ","0640821","¶޳","ۼճ","1ֳƼ(20-28ֳ)","kC ","Dys","k𐼁iQO`QWځj",1,0,1,0,0,0
01101,"060  ","0600032","¶޳","ۼճ","2ֳ˶޼","kC","Dy s","k",0,0,1,0,0,0
01101,"060  ","0600002","¶޳","ۼճ","2ֳƼ(1-19ֳ)","kC
","Dys","k𐼁iP`PXځj",1,0,1,0,0,0
01101,"064  ","0640822","¶޳","ۼճ","2ֳƼ(20-28ֳ)","kC ","Dys","k𐼁iQO`QWځj",1,0,1,0,0,0
01101,"060  ","0600033","¶޳","ۼճ","3ֳ˶޼","kC","Dy s","kO",0,0,1,0,0,0
01101,"060  ","0600003","¶޳","ۼճ","3ֳƼ(1-19ֳ)","kC
","Dys","kO𐼁iP`PXځj",1,0,1,0,0,0
01101,"064  ","0640823","¶޳","ۼճ","3ֳƼ(20-30ֳ)","kC ","Dys","kO𐼁iQO`ROځj",1,0,1,0,0,0
01101,"060  ","0600034","¶޳","ۼճ","4ֳ˶޼(1-8ֳ)","kC ","Dys","kl𓌁iP`Wځj",1,0,1,0,0,0
01101,"060  ","0600004","¶޳","ۼճ","4ֳƼ(1-19ֳ)","kC
","Dys","kl𐼁iP`PXځj",1,0,1,0,0,0
01101,"064  ","0640824","¶޳","ۼճ","4ֳƼ(20-30ֳ)","kC KEN_ALL.CSV[ec2-user@ip-30-0-10-87 ~]$ ll | less KEN_ALL.CSV 
total 18372
-rwxrwxrwx. 1 ec2-user ec2-user       90 Aug 30 07:17 exam.sh
-rw-r--r--. 1 ec2-user ec2-user 18808790 Jun 11 06:18 KEN_ALL.CSV
(END) ESCESCOOBB(END) ESCESCOOBB(END) ESCESCOOBB(END) ESCESCOOBB(END) ESCESCOOBB(END) ESCESCOOBB(END) ESCESCOOBB(END) ESCESCOOBB(END) ESCESCOOBB(END) ESCESCOOAA...skipping...
total 18372
-rwxrwxrwx. 1 ec2-user ec2-user       90 Aug 30 07:17 exam.sh
-rw-r--r--. 1 ec2-user ec2-user 18808790 Jun 11 06:18 KEN_ALL.CSV
~
~
~
~
~
~
~
~
~
~
~
~
~
~
~
~
~
~
~
~
~
~
~
~
~
~
~
~
~
~
(END) ESCESCOOAA(END) ESCESCOOAA(END) ESCESCOOAA(END) ESCESCOOAA(END) ESCESCOOAA(END) ESCESCOOAA(END) ESCESCOOAA(END) ESCESCOOAA(END) ESCESCOOAA(END) ESCESCOOAA(END) ESCESCOOAA(END) ESCESCOOAA(END) ESCESCOOAA(END) ESCESCOOAA(END) ESCESCOOAA(END) ESCESCOOAA(END) ESCESCOOAA(END) ESCESCOOAA(END) ESCESCOOAA(END) ESCESCOOAA(END) ESCESCOOAA(END) ESCESCOOAA(END) ESCESCOOAA(END) ESCESCOOAA(END) ESCESCOOAA(END) ESCESCOOAA(END) ESCESCOOAA(END) ESCESCOOAA(END) ESCESCOOAA(END) ESCESCOOBB(END) ESCESCOOBB(END) ESCESCOOBB(END) ESCESCOOBB(END) ESCESCOOBB(END) ESCESCOOBB(END) ESCESCOOBB(END) ESCESCOOBB(END) ESCESCOOBB(END) ESCESCOOBB(END) ESCESCOOBB(END) ESCESCOOBB(END) ESCESCOOBB(END) ESCESCOOBB(END) ESCESCOOBB(END) ESCESCOOBB(END) ESCESCOOBB(END) ESCESCOOBB(END) ESCESCOOAA(END) ESCESCOOAA(END) ESCESCOOAA(END) ESCESCOOAA(END) ESCESCOOAA(END) ESCESCOOAA(END) ESCESCOOAA(END) ESCESCOOAA(END) ESCESCOOAA(END) ESCESCOOAA(END) ESCESCOOAA(END) ESCESCOOAA(END) ESCESCOOAA(END) ESCESCOOAA(END) ESCESCOOAA(END) ESCESCOOAA(END) ESCESCOOAA(END) ESCESCOOAA(END)(END)[ec2-user@ip-30-0-10-87 ~]$ logout
